// Jest Snapshot v1, https://goo.gl/fbAQLP

exports[`App should take a snapshot 1`] = `
<DocumentFragment>
  <div
    class="App"
  >
    <header
      class="MuiPaper-root MuiAppBar-root MuiAppBar-positionFixed MuiAppBar-colorPrimary mui-fixed MuiPaper-elevation4"
      data-testid="header"
    >
      <div
        class="MuiToolbar-root MuiToolbar-regular MuiToolbar-gutters"
      >
        <h6
          class="MuiTypography-root MuiTypography-h6"
          data-testid="title"
        >
          Simple Redux Layer
        </h6>
          -  
        <a
          class="makeStyles-topLink-1"
          href="/simple-redux-layer/"
        >
          <h6
            class="MuiTypography-root MuiTypography-h6"
            data-testid="home"
          >
            Home
          </h6>
        </a>
          |  
        <a
          class="makeStyles-topLink-1"
          href="/simple-redux-layer/create"
        >
          <h6
            class="MuiTypography-root MuiTypography-h6"
            data-testid="create"
          >
            Create Part
          </h6>
        </a>
      </div>
    </header>
    <div
      class="MuiContainer-root MuiContainer-maxWidthLg"
    >
      <div
        class="MuiBox-root MuiBox-root-2"
      />
    </div>
  </div>
</DocumentFragment>
`;
